// Jest Snapshot v1, https://goo.gl/fbAQLP

exports[`<ChatListItem /> snapshot test 1`] = `
<a
  className="MuiButtonBase-root-66 MuiListItem-root-56 MuiListItem-default-59 MuiListItem-gutters-63 MuiListItem-button-64 ChatListItem-selected-55"
  href="/chat/1000"
  onBlur={[Function]}
  onClick={[Function]}
  onFocus={[Function]}
  onKeyDown={[Function]}
  onKeyUp={[Function]}
  onMouseDown={[Function]}
  onMouseLeave={[Function]}
  onMouseUp={[Function]}
  onTouchEnd={[Function]}
  onTouchMove={[Function]}
  onTouchStart={[Function]}
  role="button"
  tabIndex="0"
>
  <div
    className="MuiAvatar-root-69 MuiAvatar-colorDefault-70"
    style={
      Object {
        "backgroundColor": "#f44336",
      }
    }
  >
    TC
  </div>
  <div
    className="MuiListItemText-root-72"
  >
    <span
      className="MuiTypography-root-78 MuiTypography-subheading-85 MuiListItemText-primary-75"
    >
      Test Chat
    </span>
    <p
      className="MuiTypography-root-78 MuiTypography-body1-87 MuiTypography-colorTextSecondary-100 MuiListItemText-secondary-76"
    >
      a year ago
    </p>
  </div>
  <span
    className="MuiTouchRipple-root-102"
  />
</a>
`;
