// Jest Snapshot v1, https://goo.gl/fbAQLP

exports[`<ChatCreateForm /> snapshot test 1`] = `
<form
  autoComplete="off"
  noValidate={true}
  onSubmit={[Function]}
>
  <div
    aria-describedby={undefined}
    className="MuiFormControl-root-56 MuiFormControl-marginNormal-57 MuiFormControl-fullWidth-59"
    onBlur={[Function]}
    onFocus={[Function]}
  >
    <label
      className="MuiFormLabel-root-65 MuiInputLabel-root-60 MuiInputLabel-formControl-61 MuiInputLabel-animated-64"
      data-shrink={false}
      htmlFor={undefined}
    >
      Type chat name
      <span
        className="MuiFormLabel-asterisk-69"
      >
        â€‰*
      </span>
    </label>
    <div
      className="MuiInput-root-70 MuiInput-fullWidth-77 MuiInput-formControl-71 MuiInput-underline-74"
    >
      <input
        aria-invalid={false}
        aria-required={true}
        autoComplete={undefined}
        autoFocus={true}
        className="MuiInput-input-78"
        defaultValue={undefined}
        disabled={false}
        id={undefined}
        name="chatName"
        onBlur={[Function]}
        onChange={[Function]}
        onFocus={[Function]}
        onKeyDown={undefined}
        onKeyUp={undefined}
        placeholder={undefined}
        readOnly={undefined}
        required={true}
        rows={undefined}
        type="text"
        value=""
      />
    </div>
  </div>
  <button
    className="MuiButtonBase-root-99 MuiButton-root-83 MuiButton-raised-89 MuiButton-raisedPrimary-90 MuiButton-fullWidth-98 ChatCreateForm-button-55"
    disabled={false}
    onBlur={[Function]}
    onFocus={[Function]}
    onKeyDown={[Function]}
    onKeyUp={[Function]}
    onMouseDown={[Function]}
    onMouseLeave={[Function]}
    onMouseUp={[Function]}
    onTouchEnd={[Function]}
    onTouchMove={[Function]}
    onTouchStart={[Function]}
    tabIndex="0"
    type="submit"
  >
    <span
      className="MuiButton-label-84"
    >
      Create
    </span>
    <span
      className="MuiTouchRipple-root-102"
    />
  </button>
</form>
`;
